============================================================
  Generated by:           Genus(TM) Synthesis Solution 21.12-s068_1
  Generated on:           Jul 10 2026  02:14:32 pm
  Module:                 i2c_driver
  Operating conditions:   _nominal_ (balanced_tree)
  Wireload mode:          enclosed
  Area mode:              timing library
============================================================


Path 1: MET (7611 ps) Late External Delay Assertion at pin busy
          Group: clock
     Startpoint: (R) state_reg[1]/CP
          Clock: (R) clock
       Endpoint: (F) busy
          Clock: (R) clock

                     Capture       Launch     
        Clock Edge:+   10000            0     
       Src Latency:+       0            0     
       Net Latency:+       0 (I)        0 (I) 
           Arrival:=   10000            0     
                                              
      Output Delay:-    2000                  
       Uncertainty:-     100                  
     Required Time:=    7900                  
      Launch Clock:-       0                  
         Data Path:-     289                  
             Slack:=    7611                  

Exceptions/Constraints:
  output_delay             2000            constraints.sdc_line_32 

#-----------------------------------------------------------------------------------------------
#  Timing Point   Flags   Arc   Edge       Cell        Fanout Load Trans Delay Arrival Instance 
#                                                             (fF)  (ps)  (ps)   (ps)  Location 
#-----------------------------------------------------------------------------------------------
  state_reg[1]/CP -       -     R     (arrival)            35    -     0     0       0    (-,-) 
  state_reg[1]/Q  -       CP->Q F     HS65_GS_DFPRQX9       4 13.1    33    73      73    (-,-) 
  g2186/Z         -       A->Z  R     HS65_GS_IVX9          5 15.6    43    35     108    (-,-) 
  g2171__7482/Z   -       A->Z  F     HS65_GS_NAND2X7       5 14.4    40    37     145    (-,-) 
  g2168__1617/Z   -       B->Z  R     HS65_GS_NOR2X6        4 11.9    64    50     195    (-,-) 
  g2136__8428/Z   -       B->Z  F     HS65_GS_NAND2AX7      2 53.1   121    94     289    (-,-) 
  busy            <<<     -     F     (port)                -    -     -     0     289    (-,-) 
#-----------------------------------------------------------------------------------------------

